// Jest Snapshot v1, https://goo.gl/fbAQLP

exports[`Column renders correctly 1`] = `
<div
  className="col-12"
>
  Test
</div>
`;
